🚨 CRITICAL SECURITY ALERT: Possible SSH Brute Force
Source IP: 192.168.1.10
Number of Attempt: 8
Time block: 5minutes
Thu Oct  1 04:41:31 PM EAT 2026
🚨 CRITICAL SECURITY ALERT: Possible SSH Brute Force
Source IP: 192.168.1.4
Number of Attempt: 8
Time block: 5minutes
Thu Oct  1 04:41:31 PM EAT 2026
🚨 CRITICAL SECURITY ALERT: Possible SSH Brute Force
Source IP: 192.168.1.10
Number of Attempt: 8
Time block: 5minutes
Thu Oct  1 04:42:11 PM EAT 2026
🚨 CRITICAL SECURITY ALERT: Possible SSH Brute Force
Source IP: 192.168.1.10
Number of Attempt: 8
Time block: 5minutes
Thu Oct  1 04:43:01 PM EAT 2026
🚨 CRITICAL SECURITY ALERT: Possible SSH Brute Force
Source IP: 192.168.1.10
Number of Attempt: 8
Time block: 5minutes
Thu Oct  1 04:43:08 PM EAT 2026
🚨 CRITICAL SECURITY ALERT: Possible SSH Brute Force
Source IP: 192.168.1.10
Number of Attempt: 8
Time block: 5minutes
Thu Oct  1 04:43:20 PM EAT 2026
🚨 CRITICAL SECURITY ALERT: Possible SSH Brute Force
Source IP: 192.168.1.10
Number of Attempt: 8
Time block: 5minutes
Thu Oct  1 04:43:52 PM EAT 2026
🚨 CRITICAL SECURITY ALERT: Possible SSH Brute Force
Source IP: 192.168.1.10
Number of Attempt: 16
Time block: 5minutes
Thu Oct  1 04:44:22 PM EAT 2026
🚨 CRITICAL SECURITY ALERT: Possible SSH Brute Force
Source IP: 192.168.1.10
Number of Attempt: 16
Time block: 5minutes
Thu Oct  1 04:44:58 PM EAT 2026
🚨 CRITICAL SECURITY ALERT: Possible SSH Brute Force
Source IP: 192.168.1.10
Number of Attempt: 16
Time block: 5minutes
Thu Oct  1 04:45:43 PM EAT 2026
🚨 CRITICAL SECURITY ALERT: Possible SSH Brute Force
Source IP: 192.168.1.4
Number of Attempt: 10
Time block: 5minutes
Thu Oct  1 04:45:43 PM EAT 2026
🚨 CRITICAL SECURITY ALERT: Possible SSH Brute Force
Source IP: 192.168.1.10
Number of Attempt: 8
Time block: 5minutes
Thu Oct  1 04:48:07 PM EAT 2026
🚨 CRITICAL SECURITY ALERT: Possible SSH Brute Force
Source IP: 192.168.1.4
Number of Attempt: 10
Time block: 5minutes
Thu Oct  1 04:48:07 PM EAT 2026
🚨 CRITICAL SECURITY ALERT: Possible SSH Brute Force
Source IP: 
Number of Attempt: 
Time block: 5minutes
Thu Oct  1 04:58:15 PM EAT 2026
🚨 CRITICAL SECURITY ALERT: Possible SSH Brute Force
Source IP: 
Number of Attempt: 
Time block: 5minutes
Thu Oct  1 05:00:52 PM EAT 2026
/bin/sh: 1: /usr/local/bin: Permission denied
/bin/sh: 1: /usr/local/bin: Permission denied
/bin/sh: 1: /usr/local/bin: Permission denied
/bin/sh: 1: /usr/local/bin: Permission denied
/bin/sh: 1: /usr/local/bin: Permission denied
/bin/sh: 1: /usr/local/bin: Permission denied
🚨 CRITICAL SECURITY ALERT: Possible SSH Brute Force
Source IP: 192.168.1.4
Number of Attempt: 10
Time block: 5minutes
Thu Oct  1 05:06:10 PM EAT 2026
/bin/sh: 1: /usr/local/bin: Permission denied
/bin/sh: 1: /usr/local/bin: Permission denied
/bin/sh: 1: /usr/local/bin: Permission denied
/bin/sh: 1: /usr/local/bin: Permission denied
/bin/sh: 1: /usr/local/bin: Permission denied
🚨 CRITICAL SECURITY ALERT: Possible SSH Brute Force
Source IP: 192.168.1.10
Number of Attempt: 14
Time block: 5minutes
Thu Oct  1 05:12:01 PM EAT 2026
🚨 CRITICAL SECURITY ALERT: Possible SSH Brute Force
Source IP: 192.168.1.4
Number of Attempt: 13
Time block: 5minutes
Thu Oct  1 05:12:01 PM EAT 2026
🚨 CRITICAL SECURITY ALERT: Possible SSH Brute Force
Source IP: 192.168.1.10
Number of Attempt: 23
Time block: 5minutes
Thu Oct  1 05:13:01 PM EAT 2026
🚨 CRITICAL SECURITY ALERT: Possible SSH Brute Force
Source IP: 192.168.1.4
Number of Attempt: 13
Time block: 5minutes
Thu Oct  1 05:13:01 PM EAT 2026
🚨 CRITICAL SECURITY ALERT: Possible SSH Brute Force
Source IP: 192.168.1.10
Number of Attempt: 17
Time block: 5minutes
Thu Oct  1 05:14:01 PM EAT 2026
🚨 CRITICAL SECURITY ALERT: Possible SSH Brute Force
Source IP: 192.168.1.4
Number of Attempt: 6
Time block: 5minutes
Thu Oct  1 05:14:01 PM EAT 2026
🚨 CRITICAL SECURITY ALERT: Possible SSH Brute Force
Source IP: 192.168.1.10
Number of Attempt: 17
Time block: 5minutes
Thu Oct  1 05:15:02 PM EAT 2026
🚨 CRITICAL SECURITY ALERT: Possible SSH Brute Force
Source IP: 192.168.1.4
Number of Attempt: 6
Time block: 5minutes
Thu Oct  1 05:15:02 PM EAT 2026
🚨 CRITICAL SECURITY ALERT: Possible SSH Brute Force
Source IP: 192.168.1.10
Number of Attempt: 17
Time block: 5minutes
Thu Oct  1 05:16:01 PM EAT 2026
🚨 CRITICAL SECURITY ALERT: Possible SSH Brute Force
Source IP: 192.168.1.4
Number of Attempt: 6
Time block: 5minutes
Thu Oct  1 05:16:01 PM EAT 2026
🚨 CRITICAL SECURITY ALERT: Possible SSH Brute Force
Source IP: 192.168.1.10
Number of Attempt: 9
Time block: 5minutes
Thu Oct  1 05:17:01 PM EAT 2026
🚨 CRITICAL SECURITY ALERT: Possible SSH Brute Force
Source IP: 
Number of Attempt: 
Time block: 5minutes
Thu Oct  1 05:18:01 PM EAT 2026
🚨 CRITICAL SECURITY ALERT: Possible SSH Brute Force
Source IP: 
Number of Attempt: 
Time block: 5minutes
Thu Oct  1 05:19:01 PM EAT 2026
🚨 CRITICAL SECURITY ALERT: Possible SSH Brute Force
Source IP: 
Number of Attempt: 
Time block: 5minutes
Thu Oct  1 05:20:01 PM EAT 2026
🚨 CRITICAL SECURITY ALERT: Possible SSH Brute Force
Source IP: 
Number of Attempt: 
Time block: 5minutes
Thu Oct  1 05:21:01 PM EAT 2026
🚨 CRITICAL SECURITY ALERT: Possible SSH Brute Force
Source IP: 
Number of Attempt: 
Time block: 5minutes
Thu Oct  1 05:22:01 PM EAT 2026
🚨 CRITICAL SECURITY ALERT: Possible SSH Brute Force
Source IP: 
Number of Attempt: 
Time block: 5minutes
Thu Oct  1 05:23:01 PM EAT 2026
🚨 CRITICAL SECURITY ALERT: Possible SSH Brute Force
Source IP: 
Number of Attempt: 
Time block: 5minutes
Thu Oct  1 05:24:01 PM EAT 2026
🚨 CRITICAL SECURITY ALERT: Possible SSH Brute Force
Source IP: 
Number of Attempt: 
Time block: 5minutes
Thu Oct  1 05:25:01 PM EAT 2026
🚨 CRITICAL SECURITY ALERT: Possible SSH Brute Force
Source IP: 
Number of Attempt: 
Time block: 5minutes
Thu Oct  1 05:26:02 PM EAT 2026
🚨 CRITICAL SECURITY ALERT: Possible SSH Brute Force
Source IP: 
Number of Attempt: 
Time block: 5minutes
Thu Oct  1 05:27:01 PM EAT 2026
🚨 CRITICAL SECURITY ALERT: Possible SSH Brute Force
Source IP: 
Number of Attempt: 
Time block: 5minutes
Thu Oct  1 05:28:01 PM EAT 2026
🚨 CRITICAL SECURITY ALERT: Possible SSH Brute Force
Source IP: 
Number of Attempt: 
Time block: 5minutes
Thu Oct  1 05:29:01 PM EAT 2026
🚨 CRITICAL SECURITY ALERT: Possible SSH Brute Force
Source IP: 
Number of Attempt: 
Time block: 5minutes
Thu Oct  1 05:30:01 PM EAT 2026
🚨 CRITICAL SECURITY ALERT: Possible SSH Brute Force
Source IP: 192.168.1.4
Number of Attempt: 8
Time block: 5minutes
Thu Oct  1 05:33:01 PM EAT 2026
🚨 CRITICAL SECURITY ALERT: Possible SSH Brute Force
Source IP: 192.168.1.10
Number of Attempt: 10
Time block: 5minutes
Thu Oct  1 05:34:01 PM EAT 2026
🚨 CRITICAL SECURITY ALERT: Possible SSH Brute Force
Source IP: 192.168.1.4
Number of Attempt: 8
Time block: 5minutes
Thu Oct  1 05:34:01 PM EAT 2026
🚨 CRITICAL SECURITY ALERT: Possible SSH Brute Force
Source IP: 192.168.1.10
Number of Attempt: 10
Time block: 5minutes
Thu Oct  1 05:35:01 PM EAT 2026
🚨 CRITICAL SECURITY ALERT: Possible SSH Brute Force
Source IP: 192.168.1.4
Number of Attempt: 8
Time block: 5minutes
Thu Oct  1 05:35:01 PM EAT 2026
🚨 CRITICAL SECURITY ALERT: Possible SSH Brute Force
Source IP: 192.168.1.10
Number of Attempt: 10
Time block: 5minutes
Thu Oct  1 05:36:01 PM EAT 2026
🚨 CRITICAL SECURITY ALERT: Possible SSH Brute Force
Source IP: 192.168.1.4
Number of Attempt: 8
Time block: 5minutes
Thu Oct  1 05:36:01 PM EAT 2026
🚨 CRITICAL SECURITY ALERT: Possible SSH Brute Force
Source IP: 192.168.1.10
Number of Attempt: 10
Time block: 5minutes
Thu Oct  1 05:37:02 PM EAT 2026
🚨 CRITICAL SECURITY ALERT: Possible SSH Brute Force
Source IP: 192.168.1.4
Number of Attempt: 8
Time block: 5minutes
Thu Oct  1 05:37:02 PM EAT 2026
🚨 CRITICAL SECURITY ALERT: Possible SSH Brute Force
Source IP: 192.168.1.10
Number of Attempt: 10
Time block: 5minutes
Thu Oct  1 05:38:01 PM EAT 2026
🚨 CRITICAL SECURITY ALERT: Possible SSH Brute Force
Source IP: 192.168.229.130
Number of Attempt: 8
Time block: 5minutes
Mon Oct  5 01:29:50 PM EAT 2026
🚨 CRITICAL SECURITY ALERT: Possible SSH Brute Force
Source IP: 192.168.229.130
Number of Attempt: 8
Time block: 5minutes
Mon Oct  5 01:30:01 PM EAT 2026
🚨 CRITICAL SECURITY ALERT: Possible SSH Brute Force
Source IP: 192.168.229.130
Number of Attempt: 8
Time block: 5minutes
Mon Oct  5 01:31:01 PM EAT 2026
🚨 CRITICAL SECURITY ALERT: Possible SSH Brute Force
Source IP: 192.168.229.130
Number of Attempt: 8
Time block: 5minutes
Mon Oct  5 01:32:02 PM EAT 2026
🚨 CRITICAL SECURITY ALERT: Possible SSH Brute Force
Source IP: 192.168.229.131
Number of Attempt: 6
Time block: 5minutes
Mon Oct  5 01:32:02 PM EAT 2026
🚨 CRITICAL SECURITY ALERT: Possible SSH Brute Force
Source IP: 192.168.229.130
Number of Attempt: 8
Time block: 5minutes
Mon Oct  5 01:33:01 PM EAT 2026
🚨 CRITICAL SECURITY ALERT: Possible SSH Brute Force
Source IP: 192.168.229.131
Number of Attempt: 6
Time block: 5minutes
Mon Oct  5 01:33:01 PM EAT 2026
🚨 CRITICAL SECURITY ALERT: Possible SSH Brute Force
Source IP: 192.168.229.130
Number of Attempt: 8
Time block: 5minutes
Mon Oct  5 01:34:01 PM EAT 2026
🚨 CRITICAL SECURITY ALERT: Possible SSH Brute Force
Source IP: 192.168.229.131
Number of Attempt: 6
Time block: 5minutes
Mon Oct  5 01:34:01 PM EAT 2026
🚨 CRITICAL SECURITY ALERT: Possible SSH Brute Force
Source IP: 192.168.229.131
Number of Attempt: 6
Time block: 5minutes
Mon Oct  5 01:35:01 PM EAT 2026
🚨 CRITICAL SECURITY ALERT: Possible SSH Brute Force
Source IP: 192.168.229.131
Number of Attempt: 6
Time block: 5minutes
Mon Oct  5 01:36:01 PM EAT 2026
🚨 CRITICAL SECURITY ALERT: Possible SSH Brute Force
Source IP: 192.168.229.130
Number of Attempt: 6
Time block: 5minutes
Mon Oct  5 01:51:01 PM EAT 2026
🚨 CRITICAL SECURITY ALERT: Possible SSH Brute Force
Source IP: 192.168.229.130
Number of Attempt: 5
Time block: 2 minutes
Mon Oct  5 01:54:01 PM EAT 2026
🚨 CRITICAL SECURITY ALERT: Possible SSH Brute Force
Source IP: 192.168.229.130
Number of Attempt: 5
Time block: 2 minutes
Mon Oct  5 01:55:01 PM EAT 2026
🚨 CRITICAL SECURITY ALERT: Possible SSH Brute Force
Source IP: 192.168.229.131
Number of Attempt: 6
Time block: 2 minutes
Mon Oct  5 01:58:01 PM EAT 2026
🚨 CRITICAL SECURITY ALERT: Possible SSH Brute Force
Source IP: 192.168.229.130
Number of Attempt: 6
Time block: 1 minutes
Mon Oct  5 02:01:01 PM EAT 2026
🚨 CRITICAL SECURITY ALERT: Possible SSH Brute Force
Source IP: 192.168.229.131
Number of Attempt: 5
Time block: 1 minutes
Mon Oct  5 02:08:01 PM EAT 2026
🚨 CRITICAL SECURITY ALERT: Possible SSH Brute Force
Source IP: 192.168.229.130
Number of Attempt: 6
Time block: 1 minutes
Mon Oct  5 02:09:01 PM EAT 2026
🚨 CRITICAL SECURITY ALERT: Possible SSH Brute Force
Source IP: 192.168.229.131
Number of Attempt: 14
Time block: 1 minutes
Mon Oct  5 02:13:01 PM EAT 2026
🚨 CRITICAL SECURITY ALERT: Possible SSH Brute Force
Source IP: 192.168.229.131
Number of Attempt: 10
Time block: 1 minutes
Mon Oct  5 02:18:01 PM EAT 2026
🚨 CRITICAL SECURITY ALERT: Possible SSH Brute Force
Source IP: 192.168.229.131
Number of Attempt: 6
Time block: 1 minutes
Mon Oct  5 02:21:01 PM EAT 2026
🚨 CRITICAL SECURITY ALERT: Possible SSH Brute Force
Source IP: 192.168.229.131
Number of Attempt: 8
Time block: 1 minutes
Mon Oct  5 02:24:01 PM EAT 2026
🚨 CRITICAL SECURITY ALERT: Possible SSH Brute Force
Source IP: 192.168.229.131
Number of Attempt: 6
Time block: 1 minutes
Mon Oct  5 02:27:01 PM EAT 2026
🚨 CRITICAL SECURITY ALERT: Possible SSH Brute Force
Source IP: 192.168.229.131
Number of Attempt: 6
Time block: 1 minutes
Mon Oct  5 02:33:01 PM EAT 2026
🚨 CRITICAL SECURITY ALERT: Possible SSH Brute Force
Source IP: 192.168.229.131
Number of Attempt: 5
Time block: 1 minutes
Mon Oct  5 02:38:01 PM EAT 2026
🚨 CRITICAL SECURITY ALERT: Possible SSH Brute Force
Source IP: 192.168.229.131
Number of Attempt: 10
Time block: 1 minutes
Mon Oct  5 02:39:01 PM EAT 2026
🚨 CRITICAL SECURITY ALERT: Possible SSH Brute Force
Source IP: 192.168.229.131
Number of Attempt: 6
Time block: 1 minutes
Mon Oct  5 02:46:01 PM EAT 2026
🚨 CRITICAL SECURITY ALERT: Possible SSH Brute Force
Source IP: 192.168.229.131
Number of Attempt: 10
Time block: 1 minutes
Mon Oct  5 02:47:01 PM EAT 2026
🚨 CRITICAL SECURITY ALERT: Possible SSH Brute Force
Source IP: 192.168.229.131
Number of Attempt: 6
Time block: 1 minutes
Mon Oct  5 02:50:01 PM EAT 2026
🚨 CRITICAL SECURITY ALERT: Possible SSH Brute Force
Source IP: 192.168.229.131
Number of Attempt: 6
Time block: 1 minutes
Mon Oct  5 02:52:01 PM EAT 2026
🚨 CRITICAL SECURITY ALERT: Possible SSH Brute Force
Source IP: 192.168.229.131
Number of Attempt: 10
Time block: 1 minutes
Mon Oct  5 02:53:01 PM EAT 2026
🚨 CRITICAL SECURITY ALERT: Possible SSH Brute Force
Source IP: 192.168.229.131
Number of Attempt: 6
Time block: 1 minutes
Mon Oct  5 02:55:01 PM EAT 2026
🚨 CRITICAL SECURITY ALERT: Possible SSH Brute Force
Source IP: 192.168.229.131
Number of Attempt: 14
Time block: 1 minutes
Mon Oct  5 02:56:01 PM EAT 2026
🚨 CRITICAL SECURITY ALERT: Possible SSH Brute Force
Source IP: 192.168.229.131
Number of Attempt: 8
Time block: 1 minutes
Mon Oct  5 02:57:01 PM EAT 2026
🚨 CRITICAL SECURITY ALERT: Possible SSH Brute Force
Source IP: 192.168.229.131
Number of Attempt: 9
Time block: 1 minutes
Mon Oct  5 03:08:01 PM EAT 2026
🚨 CRITICAL SECURITY ALERT: Possible SSH Brute Force
Source IP: 192.168.229.131
Number of Attempt: 11
Time block: 1 minutes
Mon Oct  5 03:09:01 PM EAT 2026
🚨 CRITICAL SECURITY ALERT: Possible SSH Brute Force
Source IP: 192.168.229.131
Number of Attempt: 6
Time block: 1 minutes
Mon Oct  5 03:16:01 PM EAT 2026
🚨 CRITICAL SECURITY ALERT: Possible SSH Brute Force
Source IP: 192.168.229.131
Number of Attempt: 6
Time block: 1 minutes
Mon Oct  5 03:17:01 PM EAT 2026
🚨 CRITICAL SECURITY ALERT: Possible SSH Brute Force
Source IP: 192.168.229.130
Number of Attempt: 6
Time block: 3 minutes
Mon Oct  5 03:44:01 PM EAT 2026
🚨 CRITICAL SECURITY ALERT: Possible SSH Brute Force
Source IP: 192.168.229.130
Number of Attempt: 6
Time block: 3 minutes
Mon Oct  5 03:45:01 PM EAT 2026
🚨 CRITICAL SECURITY ALERT: Possible SSH Brute Force
Source IP: 192.168.229.130
Number of Attempt: 6
Time block: 3 minutes
Mon Oct  5 03:46:01 PM EAT 2026
🚨 CRITICAL SECURITY ALERT: Possible SSH Brute Force
Source IP: 192.168.229.131
Number of Attempt: 10
Time block: 3 minutes
Mon Oct  5 03:46:01 PM EAT 2026
🚨 CRITICAL SECURITY ALERT: Possible SSH Brute Force
Source IP: 192.168.229.131
Number of Attempt: 10
Time block: 3 minutes
Mon Oct  5 03:47:01 PM EAT 2026
🚨 CRITICAL SECURITY ALERT: Possible SSH Brute Force
Source IP: 192.168.229.131
Number of Attempt: 10
Time block: 3 minutes
Mon Oct  5 03:48:01 PM EAT 2026
🚨 CRITICAL SECURITY ALERT: Possible SSH Brute Force
Source IP: 192.168.229.130
Number of Attempt: 6
Time block: 3 minutes
Mon Oct  5 03:53:01 PM EAT 2026
🚨 CRITICAL SECURITY ALERT: Possible SSH Brute Force
Source IP: 192.168.229.130
Number of Attempt: 6
Time block: 3 minutes
Mon Oct  5 03:54:01 PM EAT 2026
🚨 CRITICAL SECURITY ALERT: Possible SSH Brute Force
Source IP: 192.168.229.130
Number of Attempt: 6
Time block: 3 minutes
Mon Oct  5 03:55:01 PM EAT 2026
🚨 CRITICAL SECURITY ALERT: Possible SSH Brute Force
Source IP: 192.168.229.131
Number of Attempt: 6
Time block: 3 minutes
Mon Oct  5 03:56:01 PM EAT 2026
🚨 CRITICAL SECURITY ALERT: Possible SSH Brute Force
Source IP: 192.168.229.131
Number of Attempt: 6
Time block: 3 minutes
Mon Oct  5 03:57:01 PM EAT 2026
🚨 CRITICAL SECURITY ALERT: Possible SSH Brute Force
Source IP: 192.168.229.131
Number of Attempt: 6
Time block: 3 minutes
Mon Oct  5 03:58:01 PM EAT 2026
🚨 CRITICAL SECURITY ALERT: Possible SSH Brute Force
Source IP: 192.168.229.130
Number of Attempt: 6
Time block: 3 minutes
Mon Oct  5 04:01:01 PM EAT 2026
🚨 CRITICAL SECURITY ALERT: Possible SSH Brute Force
Source IP: 192.168.229.130
Number of Attempt: 6
Time block: 3 minutes
Mon Oct  5 04:02:01 PM EAT 2026
🚨 CRITICAL SECURITY ALERT: Possible SSH Brute Force
Source IP: 192.168.229.130
Number of Attempt: 6
Time block: 3 minutes
Mon Oct  5 04:03:01 PM EAT 2026
🚨 CRITICAL SECURITY ALERT: Possible SSH Brute Force
Source IP: 192.168.229.130
Number of Attempt: 6
Time block: 3 minutes
Mon Oct  5 04:04:01 PM EAT 2026
🚨 CRITICAL SECURITY ALERT: Possible SSH Brute Force
Source IP: 192.168.229.130
Number of Attempt: 6
Time block: 3 minutes
Mon Oct  5 04:05:02 PM EAT 2026
🚨 CRITICAL SECURITY ALERT: Possible SSH Brute Force
Source IP: 192.168.229.130
Number of Attempt: 6
Time block: 3 minutes
Mon Oct  5 04:06:01 PM EAT 2026
🚨 CRITICAL SECURITY ALERT: Possible SSH Brute Force
Source IP: 192.168.229.131
Number of Attempt: 6
Time block: 3 minutes
Mon Oct  5 04:11:01 PM EAT 2026
🚨 CRITICAL SECURITY ALERT: Possible SSH Brute Force
Source IP: 192.168.229.131
Number of Attempt: 6
Time block: 3 minutes
Mon Oct  5 04:12:01 PM EAT 2026
🚨 CRITICAL SECURITY ALERT: Possible SSH Brute Force
Source IP: 192.168.229.131
Number of Attempt: 6
Time block: 3 minutes
Mon Oct  5 04:13:01 PM EAT 2026
